test logs

//////

version 2 test logs

//////